// Jest Snapshot v1, https://goo.gl/fbAQLP

exports[`#fs error, code ENOENT 1`] = `"ENOENT: no such file or directory, open '/tmp/hexlet-tmp-/hexlet-io-courses.html'"`;

exports[`#network error, status code 414 1`] = `"Request failed with status code 414 https://hexlet.io/long_uri"`;
